// Jest Snapshot v1, https://goo.gl/fbAQLP

exports[`Pruebas en <FirstApp /> Debe de hacer match con el snapshot 1`] = `
<div>
   
  <h1
    data-testid="test-title"
  >
    Hola, soy hector
     
  </h1>
  <h2>
    Hola Hector
     (
    5
    )
  </h2>
  <code>
    {"message":"Hector","title":"Hola","age":28}
  </code>
   
  <p />
  <p />
  <p>
    Soy un subtitulo (
    28
    )
  </p>
</div>
`;
